// Jest Snapshot v1, https://goo.gl/fbAQLP

exports[`Testing Redux integrated Component Should render the unlike invitation 1`] = `
<div
  className="ui card"
  onClick={[Function]}
  style={
    Object {
      "width": "100%",
    }
  }
>
  <img
    className="ui medium image"
    style={
      Object {
        "height": "150px",
        "objectFit": "cover",
        "width": "100%",
      }
    }
  />
  <div
    className="content"
  >
    <div
      className="header"
    >
      
    </div>
    <div
      className="description"
    >
      
    </div>
  </div>
  <div
    className="content"
    style={
      Object {
        "alignItems": "center",
        "display": "flex",
      }
    }
  >
    <div
      style={
        Object {
          "alignItems": "center",
          "display": "flex",
          "flex": 1,
        }
      }
    >
      <div
        style={
          Object {
            "marginRight": ".5em",
          }
        }
      >
        <div
          className="ui left labeled button"
          onClick={[Function]}
          role="button"
          tabIndex={0}
        >
          <a
            className="ui right pointing basic label"
            onClick={[Function]}
          >
            0
          </a>
          <a
            className="ui button"
            href="/user/login"
            onClick={[Function]}
            role="button"
          >
            <i
              aria-hidden="true"
              className="thumbs up outline icon"
              onClick={[Function]}
            />
            Like
          </a>
        </div>
      </div>
      <div>
        0
         
        <i
          aria-hidden="true"
          className="chat icon"
          onClick={[Function]}
        />
      </div>
    </div>
  </div>
</div>
`;
